{
    "Help": {
        "content": [
            [
                
            ]
        ],
        "meta": {
            "nf-test": "0.9.3",
            "nextflow": "25.04.6"
        },
        "timestamp": "2026-04-04T09:49:31.368571095"
    },
    "html_report": {
        "content": [
            "ASAP_Report_RSV_End_To_End_Test.html:md5,9a30cd8658ff6cd0dbf76f023507dabc"
        ],
        "meta": {
            "nf-test": "0.9.3",
            "nextflow": "25.04.6"
        },
        "timestamp": "2026-04-04T09:57:59.101532117"
    },
    "combined_xml": {
        "content": [
            "RSV_End_To_End_Test_analysis.xml:md5,a30551f9415264e00ff620539bef9546"
        ],
        "meta": {
            "nf-test": "0.9.3",
            "nextflow": "25.04.6"
        },
        "timestamp": "2026-04-04T09:57:58.990272165"
    },
    "RSV_End_To_End_Test_Out": {
        "content": [
            [
                
            ]
        ],
        "meta": {
            "nf-test": "0.9.3",
            "nextflow": "25.04.6"
        },
        "timestamp": "2026-04-04T09:57:58.970011762"
    },
    "TB_End_To_End_Test_Out": {
        "content": [
            [
                
            ]
        ],
        "meta": {
            "nf-test": "0.9.3",
            "nextflow": "25.04.6"
        },
        "timestamp": "2026-05-05T11:12:12.463249931"
    }
}